#
# There is insufficient memory for the Java Runtime Environment to continue.
# Native memory allocation (mmap) failed to map 264241152 bytes. Error detail: G1 virtual space
# Possible reasons:
#   The system is out of physical RAM or swap space
#   This process is running with CompressedOops enabled, and the Java Heap may be blocking the growth of the native heap
# Possible solutions:
#   Reduce memory load on the system
#   Increase physical memory or swap space
#   Check if swap backing store is full
#   Decrease Java heap size (-Xmx/-Xms)
#   Decrease number of Java threads
#   Decrease Java thread stack sizes (-Xss)
#   Set larger code cache with -XX:ReservedCodeCacheSize=
#   JVM is running with Zero Based Compressed Oops mode in which the Java heap is
#     placed in the first 32GB address space. The Java Heap base address is the
#     maximum limit for the native heap growth. Please use -XX:HeapBaseMinAddress
#     to set the Java Heap base and to place the Java Heap above 32GB virtual address.
# This output file may be truncated or incomplete.
#
#  Out of Memory Error (os_windows.cpp:3554), pid=17300, tid=27744
#
# JRE version:  (25.0.2+10) (build )
# Java VM: Java HotSpot(TM) 64-Bit Server VM (25.0.2+10-LTS-69, mixed mode, sharing, tiered, compressed oops, compressed class ptrs, g1 gc, windows-amd64)
# No core dump will be written. Minidumps are not enabled by default on client versions of Windows
#

---------------  S U M M A R Y ------------

Command Line: --enable-native-access=ALL-UNNAMED 

Host: 13th Gen Intel(R) Core(TM) i9-13900H, 20 cores, 15G,  Windows 11 , 64 bit Build 26100 (10.0.26100.8246)
Time: Tue May 12 20:52:03 2026 Afr. centrale Ouest elapsed time: 2.396825 seconds (0d 0h 0m 2s)

---------------  T H R E A D  ---------------

Current thread (0x000002108d1b9ca0):  JavaThread "Unknown thread" [_thread_in_vm, id=27744, stack(0x0000008996d00000,0x0000008996e00000) (1024K)]

Stack: [0x0000008996d00000,0x0000008996e00000]
Native frames: (J=compiled Java code, j=interpreted, Vv=VM code, C=native code)
V  [jvm.dll+0x7a70f9]  (no source info available)
V  [jvm.dll+0x772d6d]  (no source info available)
V  [jvm.dll+0x965d53]  (no source info available)
V  [jvm.dll+0x968351]  (no source info available)
V  [jvm.dll+0x968a63]  (no source info available)
V  [jvm.dll+0x2fc846]  (no source info available)
V  [jvm.dll+0x7a3325]  (no source info available)
V  [jvm.dll+0x796737]  (no source info available)
V  [jvm.dll+0x3f4988]  (no source info available)
V  [jvm.dll+0x3fc8d6]  (no source info available)
V  [jvm.dll+0x3e8f7e]  (no source info available)
V  [jvm.dll+0x3e9238]  (no source info available)
V  [jvm.dll+0x3c0145]  (no source info available)
V  [jvm.dll+0x3c0dce]  (no source info available)
V  [jvm.dll+0x92cdf7]  (no source info available)
V  [jvm.dll+0x458f02]  (no source info available)
V  [jvm.dll+0x9107a2]  (no source info available)
V  [jvm.dll+0x4f9331]  (no source info available)
V  [jvm.dll+0x4fabc1]  (no source info available)
C  [jli.dll+0x543e]  (no source info available)
C  [ucrtbase.dll+0x37b0]  (no source info available)
C  [KERNEL32.DLL+0x2e8d7]  (no source info available)
C  [ntdll.dll+0x8c3fc]  (no source info available)

Lock stack of current Java thread (top to bottom):


---------------  P R O C E S S  ---------------

Threads class SMR info:
_java_thread_list=0x00007ffd12805388, length=0, elements={
}

Java Threads: ( => current thread )
Total: 0

Other Threads:
  0x000002108f6c40e0 WorkerThread "GC Thread#0"                     [id=27940, stack(0x0000008996e00000,0x0000008996f00000) (1024K)]
  0x000002108f6de920 ConcurrentGCThread "G1 Main Marker"            [id=26492, stack(0x0000008996f00000,0x0000008997000000) (1024K)]
  0x000002108f6df4c0 WorkerThread "G1 Conc#0"                       [id=32716, stack(0x0000008997000000,0x0000008997100000) (1024K)]

[error occurred during error reporting (printing all threads), id 0xc0000005, EXCEPTION_ACCESS_VIOLATION (0xc0000005) at pc=0x00007ffd11ee4f1a]
VM state: not at safepoint (not fully initialized)

VM Mutex/Monitor currently owned by a thread:  ([mutex/lock_event])
[0x00007ffd12889768] Heap_lock - owner thread: 0x000002108d1b9ca0

Heap address: 0x0000000705c00000, size: 4004 MB, Compressed Oops mode: Zero based, Oop shift amount: 3

CDS archive(s) mapped at: [0x0000000000000000-0x0000000000000000-0x0000000000000000), size 0, SharedBaseAddress: 0x0000000800000000, ArchiveRelocationMode: 1.
UseCompressedClassPointers 1, UseCompactObjectHeaders 0
Narrow klass pointer bits 32, Max shift 3
Narrow klass base: 0xffffffffffffffff, Narrow klass shift: -1
Encoding Range: [0xffffffffffffffff - 0x000000007fffffff), (2147483648 bytes)
Klass Range:    [0x0000000000000000 - 0x0000000000000000), (0 bytes)
Klass ID Range:  [4294967295 - 0) (1)
No protection zone.

GC Precious Log:
 CardTable entry size: 512
 Card Set container configuration: InlinePtr #cards 4 size 8 Array Of Cards #cards 16 size 48 Howl #buckets 8 coarsen threshold 3686 Howl Bitmap #cards 512 size 80 coarsen threshold 460 Card regions per heap region 1 cards per card region 4096

Heap:
 garbage-first heap   total reserved 4100096K, committed 0K, used 0K [0x0000000705c00000, 0x0000000800000000)
  region size 2048K, 0 young (0K), 0 survivors (0K)

Heap Regions: E=young(eden), S=young(survivor), O=old, HS=humongous(starts), HC=humongous(continues), CS=collection set, F=free, TAMS=top-at-mark-start, PB=parsable bottom

Card table byte_map: [0x00000210a8140000,0x00000210a8920000] _byte_map_base: 0x00000210a4912000

Marking Bits: (CMBitMap*) 0x000002108f6c4870
 Bits: [0x00000210a8920000, 0x00000210ac7b0000)

GC Heap Usage History (0 events):
No events

Metaspace Usage History (0 events):
No events

Dll operation events (1 events):
Event: 0.006 Loaded shared library C:\Program Files\Java\jdk-25.0.2\bin\java.dll

Deoptimization events (0 events):
No events

Classes loaded (0 events):
No events

Classes unloaded (0 events):
No events

Classes redefined (0 events):
No events

Internal exceptions (0 events):
No events

VM Operations (0 events):
No events

Memory protections (0 events):
No events

Nmethod flushes (0 events):
No events

Events (0 events):
No events


Dynamic libraries:
0x00007ff6d69a0000 - 0x00007ff6d69b0000 	C:\Program Files\Java\jdk-25.0.2\bin\java.exe
0x00007ffd31320000 - 0x00007ffd31587000 	C:\WINDOWS\SYSTEM32\ntdll.dll
0x00007ffd30970000 - 0x00007ffd30a39000 	C:\WINDOWS\System32\KERNEL32.DLL
0x00007ffd2dd90000 - 0x00007ffd2e184000 	C:\WINDOWS\System32\KERNELBASE.dll
0x00007ffd2e220000 - 0x00007ffd2e36b000 	C:\WINDOWS\System32\ucrtbase.dll
0x00007ffd25fc0000 - 0x00007ffd25fde000 	C:\Program Files\Java\jdk-25.0.2\bin\VCRUNTIME140.dll
0x00007ffd25ff0000 - 0x00007ffd26007000 	C:\Program Files\Java\jdk-25.0.2\bin\jli.dll
0x00007ffd304d0000 - 0x00007ffd30695000 	C:\WINDOWS\System32\USER32.dll
0x00007ffd2dca0000 - 0x00007ffd2dcc7000 	C:\WINDOWS\System32\win32u.dll
0x00007ffd30380000 - 0x00007ffd303ab000 	C:\WINDOWS\System32\GDI32.dll
0x00007ffd0f2d0000 - 0x00007ffd0f563000 	C:\WINDOWS\WinSxS\amd64_microsoft.windows.common-controls_6595b64144ccf1df_6.0.26100.8115_none_3e075c82e3354f9c\COMCTL32.dll
0x00007ffd2eed0000 - 0x00007ffd2effb000 	C:\WINDOWS\System32\gdi32full.dll
0x00007ffd303b0000 - 0x00007ffd30459000 	C:\WINDOWS\System32\msvcrt.dll
0x00007ffd2dbf0000 - 0x00007ffd2dc93000 	C:\WINDOWS\System32\msvcp_win.dll
0x00007ffd31150000 - 0x00007ffd31182000 	C:\WINDOWS\System32\IMM32.DLL
0x00000000500d0000 - 0x00000000500dd000 	C:\Program Files (x86)\360\Total Security\safemon\SafeWrapper.dll
0x00007ffd302c0000 - 0x00007ffd30376000 	C:\WINDOWS\System32\ADVAPI32.dll
0x00007ffd30210000 - 0x00007ffd302b7000 	C:\WINDOWS\System32\sechost.dll
0x00007ffd311b0000 - 0x00007ffd312c8000 	C:\WINDOWS\System32\RPCRT4.dll
0x00007ffd26320000 - 0x00007ffd26425000 	C:\Program Files (x86)\360\Total Security\safemon\libzdtp64.dll
0x00007ffd2f450000 - 0x00007ffd2fbb7000 	C:\WINDOWS\System32\SHELL32.dll
0x00007ffd2ebe0000 - 0x00007ffd2ed4a000 	C:\WINDOWS\System32\wintypes.dll
0x00007ffd2fe80000 - 0x00007ffd30202000 	C:\WINDOWS\System32\combase.dll
0x00007ffd30460000 - 0x00007ffd304c6000 	C:\WINDOWS\System32\SHLWAPI.dll
0x00007ffd2e370000 - 0x00007ffd2ebd8000 	C:\WINDOWS\System32\Windows.Storage.dll
0x00007ffd2d6d0000 - 0x00007ffd2d6db000 	C:\WINDOWS\SYSTEM32\VERSION.dll
0x00007ffd26090000 - 0x00007ffd2609c000 	C:\Program Files\Java\jdk-25.0.2\bin\vcruntime140_1.dll
0x00007ffd1c620000 - 0x00007ffd1c6ad000 	C:\Program Files\Java\jdk-25.0.2\bin\msvcp140.dll
0x00007ffd11b10000 - 0x00007ffd1296f000 	C:\Program Files\Java\jdk-25.0.2\bin\server\jvm.dll
0x00007ffd2f0b0000 - 0x00007ffd2f130000 	C:\WINDOWS\System32\WS2_32.dll
0x00007ffd2da50000 - 0x00007ffd2daae000 	C:\WINDOWS\SYSTEM32\POWRPROF.dll
0x00007ffd23c80000 - 0x00007ffd23cb6000 	C:\WINDOWS\SYSTEM32\WINMM.dll
0x00007ffd2da30000 - 0x00007ffd2da44000 	C:\WINDOWS\SYSTEM32\UMPDC.dll
0x00007ffd2c8d0000 - 0x00007ffd2c8eb000 	C:\WINDOWS\SYSTEM32\kernel.appcore.dll
0x00007ffd25fb0000 - 0x00007ffd25fba000 	C:\Program Files\Java\jdk-25.0.2\bin\jimage.dll
0x00007ffd2baa0000 - 0x00007ffd2bce2000 	C:\WINDOWS\SYSTEM32\DBGHELP.DLL
0x00007ffd2fda0000 - 0x00007ffd2fe78000 	C:\WINDOWS\System32\OLEAUT32.dll
0x00007ffd100c0000 - 0x00007ffd100fb000 	C:\WINDOWS\SYSTEM32\dbgcore.DLL
0x00007ffd2f000000 - 0x00007ffd2f0a5000 	C:\WINDOWS\System32\bcryptPrimitives.dll
0x00007ffd25f50000 - 0x00007ffd25f6f000 	C:\Program Files\Java\jdk-25.0.2\bin\java.dll
0x00007ffd2f140000 - 0x00007ffd2f2d7000 	C:\WINDOWS\System32\ole32.dll

JVMTI agents: none

dbghelp: loaded successfully - version: 4.0.5 - missing functions: none
symbol engine: initialized successfully - sym options: 0x614 - pdb path: .;C:\Program Files\Java\jdk-25.0.2\bin;C:\WINDOWS\SYSTEM32;C:\WINDOWS\WinSxS\amd64_microsoft.windows.common-controls_6595b64144ccf1df_6.0.26100.8115_none_3e075c82e3354f9c;C:\Program Files (x86)\360\Total Security\safemon;C:\Program Files\Java\jdk-25.0.2\bin\server

VM Arguments:
jvm_args: --enable-native-access=ALL-UNNAMED 
java_command: <unknown>
java_class_path (initial): <not set>
Launcher Type: SUN_STANDARD

[Global flags]
     intx CICompilerCount                          = 12                                        {product} {ergonomic}
     uint ConcGCThreads                            = 4                                         {product} {ergonomic}
     uint G1ConcRefinementThreads                  = 15                                        {product} {ergonomic}
   size_t G1HeapRegionSize                         = 2097152                                   {product} {ergonomic}
   size_t InitialHeapSize                          = 264241152                                 {product} {ergonomic}
   size_t MarkStackSize                            = 4194304                                   {product} {ergonomic}
   size_t MarkStackSizeMax                         = 536870912                                 {product} {ergonomic}
   size_t MaxHeapSize                              = 4198498304                                {product} {ergonomic}
   size_t MinHeapDeltaBytes                        = 2097152                                   {product} {ergonomic}
   size_t MinHeapSize                              = 8388608                                   {product} {ergonomic}
    uintx NonNMethodCodeHeapSize                   = 7602176                                {pd product} {ergonomic}
    uintx NonProfiledCodeHeapSize                  = 122093568                              {pd product} {ergonomic}
    uintx ProfiledCodeHeapSize                     = 121962496                              {pd product} {ergonomic}
    uintx ReservedCodeCacheSize                    = 251658240                              {pd product} {ergonomic}
     bool SegmentedCodeCache                       = true                                      {product} {ergonomic}
   size_t SoftMaxHeapSize                          = 4198498304                             {manageable} {ergonomic}
     bool UseCompressedOops                        = true                           {product lp64_product} {ergonomic}
     bool UseG1GC                                  = true                                      {product} {ergonomic}
     bool UseLargePagesIndividualAllocation        = false                                  {pd product} {ergonomic}

Logging:
Log output configuration:
 #0: stdout all=warning uptime,level,tags foldmultilines=false
 #1: stderr all=off uptime,level,tags foldmultilines=false

Release file:
<release file has not been read>
Environment Variables:
JAVA_HOME=C:\Program Files\Java\jdk-25.0.2
PATH=C:\Program Files\Java\jdk-25.0.2\bin;C:\Program Files\Git\cmd;C:\Program Files\Git\bin;C:\Windows\System32\WindowsPowerShell\v1.0\;C:\Windows\System32;C:\Users\fersd\AppData\Local\Programs\Python\Launcher\;C:\Program Files\PostgreSQL\18\bin;C:\Users\fersd\AppData\Local\Programs\Microsoft VS Code\bin;C:\Users\fersd\apache-maven-3.9.14\bin;E:\DevOps\fullstack\flutter\bin;C:\kubectl;C:\Users\fersd\AppData\Local\Python\bin;C:\Users\fersd\AppData\Roaming\npm;E:\DevOps\Warp\bin;C:\Program Files\Git\cmd;C:\Program Files\Java\jdk-25.0.2\bin;C:\Users\fersd\AppData\Local\Programs\Python\Launcher\;C:\Program Files\PostgreSQL\18\bin;C:\Users\fersd\AppData\Local\Programs\Microsoft VS Code\bin;C:\Users\fersd\apache-maven-3.9.14\bin;E:\DevOps\fullstack\flutter\bin;C:\kubectl;C:\Users\fersd\AppData\Local\Python\bin;C:\Users\fersd\AppData\Roaming\npm;E:\DevOps\Warp\bin;;
USERNAME=fersd
OS=Windows_NT
PROCESSOR_IDENTIFIER=Intel64 Family 6 Model 186 Stepping 2, GenuineIntel
TMP=C:\Users\fersd\AppData\Local\Temp
TEMP=C:\Users\fersd\AppData\Local\Temp




Compilation memory statistics disabled.

Periodic native trim disabled

---------------  S Y S T E M  ---------------

OS:
 Windows 11 , 64 bit Build 26100 (10.0.26100.8246)
OS uptime: 0 days 9:37 hours
Hyper-V role detected

CPU: total 20 (initial active 20) (10 cores per cpu, 2 threads per core) family 6 model 186 stepping 2 microcode 0x410e, cx8, cmov, fxsr, ht, mmx, 3dnowpref, sse, sse2, sse3, ssse3, sse4.1, sse4.2, popcnt, lzcnt, tsc, tscinvbit, avx, avx2, aes, erms, clmul, bmi1, bmi2, adx, sha, fma, vzeroupper, clflush, clflushopt, clwb, hv, serialize, rdtscp, rdpid, fsrm, gfni, f16c, cet_ibt, cet_ss
Processor Information for processor 0
  Max Mhz: 2600, Current Mhz: 1496, Mhz Limit: 2600
Processor Information for processor 1
  Max Mhz: 2600, Current Mhz: 2600, Mhz Limit: 2600
Processor Information for processor 2
  Max Mhz: 2600, Current Mhz: 2600, Mhz Limit: 2600
Processor Information for processor 3
  Max Mhz: 2600, Current Mhz: 2600, Mhz Limit: 2600
Processor Information for processor 4
  Max Mhz: 2600, Current Mhz: 2600, Mhz Limit: 2600
Processor Information for processor 5
  Max Mhz: 2600, Current Mhz: 2600, Mhz Limit: 2600
Processor Information for processor 6
  Max Mhz: 2600, Current Mhz: 2600, Mhz Limit: 2600
Processor Information for processor 7
  Max Mhz: 2600, Current Mhz: 2600, Mhz Limit: 2600
Processor Information for processor 8
  Max Mhz: 2600, Current Mhz: 2600, Mhz Limit: 2600
Processor Information for processor 9
  Max Mhz: 2600, Current Mhz: 2600, Mhz Limit: 2600
Processor Information for processor 10
  Max Mhz: 2600, Current Mhz: 1496, Mhz Limit: 2600
Processor Information for processor 11
  Max Mhz: 2600, Current Mhz: 2600, Mhz Limit: 2600
Processor Information for processor 12
  Max Mhz: 2600, Current Mhz: 2600, Mhz Limit: 2600
Processor Information for processor 13
  Max Mhz: 2600, Current Mhz: 2600, Mhz Limit: 2600
Processor Information for processor 14
  Max Mhz: 2600, Current Mhz: 2600, Mhz Limit: 2600
Processor Information for processor 15
  Max Mhz: 2600, Current Mhz: 2600, Mhz Limit: 2600
Processor Information for processor 16
  Max Mhz: 2600, Current Mhz: 2600, Mhz Limit: 2600
Processor Information for processor 17
  Max Mhz: 2600, Current Mhz: 2600, Mhz Limit: 2600
Processor Information for processor 18
  Max Mhz: 2600, Current Mhz: 2600, Mhz Limit: 2600
Processor Information for processor 19
  Max Mhz: 2600, Current Mhz: 2600, Mhz Limit: 2600

Memory: 4k page, system-wide physical 16008M (3571M free)
TotalPageFile size 54725M (AvailPageFile size 74M)
current process WorkingSet (physical memory assigned to process): 15M, peak: 15M
current process commit charge ("private bytes"): 76M, peak: 327M

vm_info: Java HotSpot(TM) 64-Bit Server VM (25.0.2+10-LTS-69) for windows-amd64 JRE (25.0.2+10-LTS-69), built on 2025-12-18T11:36:35Z with MS VC++ 17.13 (VS2022)

END.
